// Jest Snapshot v1, https://goo.gl/fbAQLP

exports[`MerchantTheme should render the merchant theme 1`] = `
<ThemeProvider
  theme={
    Object {
      "Heading": Object {
        "default": Object {
    +           "color": "mockValue",
    +           "fontFamily": "mockValue",
    +           "fontSize": "mockValue",
    +           "fontWeight": "mockValue",
    +         },
    +         "subHeading": Object {
    +           "color": "mockValue",
    +           "fontFamily": "mockValue",
    +           "fontSize": "mockValue",
    +           "fontWeight": "mockValue",
    +         },
      },
    }
  }
/>
`;
